Copyright 1986-2022 Xilinx, Inc. All Rights Reserved.
----------------------------------------------------------------------------------------
| Tool Version : Vivado v.2022.2 (win64) Build 3671981 Fri Oct 14 05:00:03 MDT 2022
| Date         : Mon Dec 23 23:05:15 2024
| Host         : GaGa running 64-bit major release  (build 9200)
| Command      : report_control_sets -verbose -file pen_plotter_control_sets_placed.rpt
| Design       : pen_plotter
| Device       : xc7a35t
----------------------------------------------------------------------------------------

Control Set Information

Table of Contents
-----------------
1. Summary
2. Histogram
3. Flip-Flop Distribution
4. Detailed Control Set Information

1. Summary
----------

+----------------------------------------------------------+-------+
|                          Status                          | Count |
+----------------------------------------------------------+-------+
| Total control sets                                       |    27 |
|    Minimum number of control sets                        |    27 |
|    Addition due to synthesis replication                 |     0 |
|    Addition due to physical synthesis replication        |     0 |
| Unused register locations in slices containing registers |    67 |
+----------------------------------------------------------+-------+
* Control sets can be merged at opt_design using control_set_merge or merge_equivalent_drivers
** Run report_qor_suggestions for automated merging and remapping suggestions


2. Histogram
------------

+--------------------+-------+
|       Fanout       | Count |
+--------------------+-------+
| Total control sets |    27 |
| >= 0 to < 4        |     1 |
| >= 4 to < 6        |     8 |
| >= 6 to < 8        |     3 |
| >= 8 to < 10       |     5 |
| >= 10 to < 12      |     1 |
| >= 12 to < 14      |     1 |
| >= 14 to < 16      |     0 |
| >= 16              |     8 |
+--------------------+-------+
* Control sets can be remapped at either synth_design or opt_design


3. Flip-Flop Distribution
-------------------------

+--------------+-----------------------+------------------------+-----------------+--------------+
| Clock Enable | Synchronous Set/Reset | Asynchronous Set/Reset | Total Registers | Total Slices |
+--------------+-----------------------+------------------------+-----------------+--------------+
| No           | No                    | No                     |              30 |           11 |
| No           | No                    | Yes                    |               6 |            3 |
| No           | Yes                   | No                     |             152 |           87 |
| Yes          | No                    | No                     |               0 |            0 |
| Yes          | No                    | Yes                    |               0 |            0 |
| Yes          | Yes                   | No                     |             201 |           63 |
+--------------+-----------------------+------------------------+-----------------+--------------+


4. Detailed Control Set Information
-----------------------------------

+----------------------+--------------------------------------+---------------------------------------+------------------+----------------+--------------+
|     Clock Signal     |             Enable Signal            |            Set/Reset Signal           | Slice Load Count | Bel Load Count | Bels / Slice |
+----------------------+--------------------------------------+---------------------------------------+------------------+----------------+--------------+
|  clk_IBUF_BUFG       | uart/uart_tx/tx_i_1_n_0              | d1/rst_op                             |                1 |              1 |         1.00 |
|  clk_IBUF_BUFG       | motor_btm/clk_div                    | d1/step_count                         |                2 |              4 |         2.00 |
|  clk_IBUF_BUFG       | motor_btm/clk_div0_carry__2_n_0      | motor_btm/IN1_i_1_n_0                 |                1 |              4 |         4.00 |
|  clk_IBUF_BUFG       | uart/uart_rx/baud_counter[7]_i_1_n_0 | d1/rst_op                             |                1 |              4 |         4.00 |
|  clk_IBUF_BUFG       | uart/uart_rx/bit_counter[3]_i_2_n_0  | uart/uart_rx/bit_counter[3]_i_1_n_0   |                3 |              4 |         1.33 |
|  clk_IBUF_BUFG       | uart/uart_tx/tx3_out                 | d1/SR[0]                              |                1 |              4 |         4.00 |
|  clk_IBUF_BUFG       | motor_top/clk_div                    | d1/step_count_0                       |                1 |              4 |         4.00 |
|  clk_IBUF_BUFG       | motor_top/clk_div0_carry__2_n_0      | motor_top/IN1_i_1__0_n_0              |                1 |              4 |         4.00 |
|  clk_IBUF_BUFG       | uart/uart_tx/baud_counter[8]_i_1_n_0 | d1/rst_op                             |                2 |              5 |         2.50 |
|  fsm/next_counter__0 |                                      |                                       |                2 |              7 |         3.50 |
|  clk_IBUF_BUFG       |                                      | fsm/stable_counter[6]_i_1_n_0         |                3 |              7 |         2.33 |
|  clk_IBUF_BUFG       | servo_motor/control[18]_i_2_n_0      | d1/rst_op                             |                3 |              7 |         2.33 |
|  clk_IBUF_BUFG       | fsm/next_top_step                    | d1/rst_op                             |                2 |              8 |         4.00 |
|  clk_IBUF_BUFG       | fsm/next_btm_step                    | d1/rst_op                             |                5 |              8 |         1.60 |
|  clk_IBUF_BUFG       | uart/uart_rx/rx_data[7]_i_1_n_0      | d1/rst_op                             |                4 |              8 |         2.00 |
|  clk_IBUF_BUFG       | uart/uart_rx/shift_reg[7]_i_1_n_0    | d1/rst_op                             |                3 |              8 |         2.67 |
|  clk_IBUF_BUFG       | servo_motor/control[18]_i_2_n_0      | servo_motor/p_0_in[18]                |                2 |              9 |         4.50 |
|  clk_IBUF_BUFG       | uart/uart_tx/transmitting_reg_n_0    | d1/SR[0]                              |                3 |             11 |         3.67 |
|  clk_IBUF_BUFG       | uart/uart_rx/receiving_reg_n_0       | uart/uart_rx/baud_counter[15]_i_1_n_0 |                4 |             12 |         3.00 |
|  clk_IBUF_BUFG       |                                      | d1/PB_one_pulse_reg_0                 |                4 |             16 |         4.00 |
|  clk_IBUF_BUFG       | motor_btm/step_count[0]_i_1_n_0      | d1/step_count                         |                4 |             16 |         4.00 |
|  clk_IBUF_BUFG       | motor_top/step_count[0]_i_1__0_n_0   | d1/step_count_0                       |                4 |             16 |         4.00 |
|  clk_IBUF_BUFG       |                                      | servo_motor/counter[0]_i_1_n_0        |                6 |             21 |         3.50 |
|  clk_IBUF_BUFG       |                                      |                                       |                9 |             23 |         2.56 |
|  clk_IBUF_BUFG       | motor_btm/clk_div[0]_i_2_n_0         | motor_btm/clk_div[0]_i_1_n_0          |                8 |             32 |         4.00 |
|  clk_IBUF_BUFG       | motor_top/clk_div[0]_i_2__0_n_0      | motor_top/clk_div[0]_i_1__0_n_0       |                8 |             32 |         4.00 |
|  clk_IBUF_BUFG       |                                      | d1/rst_op                             |               77 |            114 |         1.48 |
+----------------------+--------------------------------------+---------------------------------------+------------------+----------------+--------------+


