Copyright 1986-2022 Xilinx, Inc. All Rights Reserved.
-----------------------------------------------------------------------------------------------------------------
| Tool Version : Vivado v.2022.2 (win64) Build 3671981 Fri Oct 14 05:00:03 MDT 2022
| Date         : Mon Dec 23 23:04:34 2024
| Host         : GaGa running 64-bit major release  (build 9200)
| Command      : report_utilization -file pen_plotter_utilization_synth.rpt -pb pen_plotter_utilization_synth.pb
| Design       : pen_plotter
| Device       : xc7a35tcpg236-1
| Speed File   : -1
| Design State : Synthesized
-----------------------------------------------------------------------------------------------------------------

Utilization Design Information

Table of Contents
-----------------
1. Slice Logic
1.1 Summary of Registers by Type
2. Memory
3. DSP
4. IO and GT Specific
5. Clocking
6. Specific Feature
7. Primitives
8. Black Boxes
9. Instantiated Netlists

1. Slice Logic
--------------

+-------------------------+------+-------+------------+-----------+-------+
|        Site Type        | Used | Fixed | Prohibited | Available | Util% |
+-------------------------+------+-------+------------+-----------+-------+
| Slice LUTs*             | 1182 |     0 |          0 |     20800 |  5.68 |
|   LUT as Logic          | 1182 |     0 |          0 |     20800 |  5.68 |
|   LUT as Memory         |    0 |     0 |          0 |      9600 |  0.00 |
| Slice Registers         |  388 |     0 |          0 |     41600 |  0.93 |
|   Register as Flip Flop |  381 |     0 |          0 |     41600 |  0.92 |
|   Register as Latch     |    7 |     0 |          0 |     41600 |  0.02 |
| F7 Muxes                |    0 |     0 |          0 |     16300 |  0.00 |
| F8 Muxes                |    0 |     0 |          0 |      8150 |  0.00 |
+-------------------------+------+-------+------------+-----------+-------+
* Warning! The Final LUT count, after physical optimizations and full implementation, is typically lower. Run opt_design after synthesis, if not already completed, for a more realistic count.
Warning! LUT value is adjusted to account for LUT combining.


1.1 Summary of Registers by Type
--------------------------------

+-------+--------------+-------------+--------------+
| Total | Clock Enable | Synchronous | Asynchronous |
+-------+--------------+-------------+--------------+
| 0     |            _ |           - |            - |
| 0     |            _ |           - |          Set |
| 0     |            _ |           - |        Reset |
| 0     |            _ |         Set |            - |
| 0     |            _ |       Reset |            - |
| 0     |          Yes |           - |            - |
| 5     |          Yes |           - |          Set |
| 7     |          Yes |           - |        Reset |
| 16    |          Yes |         Set |            - |
| 360   |          Yes |       Reset |            - |
+-------+--------------+-------------+--------------+


2. Memory
---------

+----------------+------+-------+------------+-----------+-------+
|    Site Type   | Used | Fixed | Prohibited | Available | Util% |
+----------------+------+-------+------------+-----------+-------+
| Block RAM Tile |    0 |     0 |          0 |        50 |  0.00 |
|   RAMB36/FIFO* |    0 |     0 |          0 |        50 |  0.00 |
|   RAMB18       |    0 |     0 |          0 |       100 |  0.00 |
+----------------+------+-------+------------+-----------+-------+
* Note: Each Block RAM Tile only has one FIFO logic available and therefore can accommodate only one FIFO36E1 or one FIFO18E1. However, if a FIFO18E1 occupies a Block RAM Tile, that tile can still accommodate a RAMB18E1


3. DSP
------

+-----------+------+-------+------------+-----------+-------+
| Site Type | Used | Fixed | Prohibited | Available | Util% |
+-----------+------+-------+------------+-----------+-------+
| DSPs      |    0 |     0 |          0 |        90 |  0.00 |
+-----------+------+-------+------------+-----------+-------+


4. IO and GT Specific
---------------------

+-----------------------------+------+-------+------------+-----------+-------+
|          Site Type          | Used | Fixed | Prohibited | Available | Util% |
+-----------------------------+------+-------+------------+-----------+-------+
| Bonded IOB                  |   42 |     0 |          0 |       106 | 39.62 |
| Bonded IPADs                |    0 |     0 |          0 |        10 |  0.00 |
| Bonded OPADs                |    0 |     0 |          0 |         4 |  0.00 |
| PHY_CONTROL                 |    0 |     0 |          0 |         5 |  0.00 |
| PHASER_REF                  |    0 |     0 |          0 |         5 |  0.00 |
| OUT_FIFO                    |    0 |     0 |          0 |        20 |  0.00 |
| IN_FIFO                     |    0 |     0 |          0 |        20 |  0.00 |
| IDELAYCTRL                  |    0 |     0 |          0 |         5 |  0.00 |
| IBUFDS                      |    0 |     0 |          0 |       104 |  0.00 |
| GTPE2_CHANNEL               |    0 |     0 |          0 |         2 |  0.00 |
| PHASER_OUT/PHASER_OUT_PHY   |    0 |     0 |          0 |        20 |  0.00 |
| PHASER_IN/PHASER_IN_PHY     |    0 |     0 |          0 |        20 |  0.00 |
| IDELAYE2/IDELAYE2_FINEDELAY |    0 |     0 |          0 |       250 |  0.00 |
| IBUFDS_GTE2                 |    0 |     0 |          0 |         2 |  0.00 |
| ILOGIC                      |    0 |     0 |          0 |       106 |  0.00 |
| OLOGIC                      |    0 |     0 |          0 |       106 |  0.00 |
+-----------------------------+------+-------+------------+-----------+-------+


5. Clocking
-----------

+------------+------+-------+------------+-----------+-------+
|  Site Type | Used | Fixed | Prohibited | Available | Util% |
+------------+------+-------+------------+-----------+-------+
| BUFGCTRL   |    1 |     0 |          0 |        32 |  3.13 |
| BUFIO      |    0 |     0 |          0 |        20 |  0.00 |
| MMCME2_ADV |    0 |     0 |          0 |         5 |  0.00 |
| PLLE2_ADV  |    0 |     0 |          0 |         5 |  0.00 |
| BUFMRCE    |    0 |     0 |          0 |        10 |  0.00 |
| BUFHCE     |    0 |     0 |          0 |        72 |  0.00 |
| BUFR       |    0 |     0 |          0 |        20 |  0.00 |
+------------+------+-------+------------+-----------+-------+


6. Specific Feature
-------------------

+-------------+------+-------+------------+-----------+-------+
|  Site Type  | Used | Fixed | Prohibited | Available | Util% |
+-------------+------+-------+------------+-----------+-------+
| BSCANE2     |    0 |     0 |          0 |         4 |  0.00 |
| CAPTUREE2   |    0 |     0 |          0 |         1 |  0.00 |
| DNA_PORT    |    0 |     0 |          0 |         1 |  0.00 |
| EFUSE_USR   |    0 |     0 |          0 |         1 |  0.00 |
| FRAME_ECCE2 |    0 |     0 |          0 |         1 |  0.00 |
| ICAPE2      |    0 |     0 |          0 |         2 |  0.00 |
| PCIE_2_1    |    0 |     0 |          0 |         1 |  0.00 |
| STARTUPE2   |    0 |     0 |          0 |         1 |  0.00 |
| XADC        |    0 |     0 |          0 |         1 |  0.00 |
+-------------+------+-------+------------+-----------+-------+


7. Primitives
-------------

+----------+------+---------------------+
| Ref Name | Used | Functional Category |
+----------+------+---------------------+
| LUT2     |  538 |                 LUT |
| LUT3     |  418 |                 LUT |
| FDRE     |  360 |        Flop & Latch |
| CARRY4   |  331 |          CarryLogic |
| LUT1     |  155 |                 LUT |
| LUT4     |  145 |                 LUT |
| LUT5     |   40 |                 LUT |
| LUT6     |   39 |                 LUT |
| OBUF     |   36 |                  IO |
| FDSE     |   16 |        Flop & Latch |
| LDCE     |    7 |        Flop & Latch |
| IBUF     |    6 |                  IO |
| FDPE     |    5 |        Flop & Latch |
| BUFG     |    1 |               Clock |
+----------+------+---------------------+


8. Black Boxes
--------------

+----------+------+
| Ref Name | Used |
+----------+------+


9. Instantiated Netlists
------------------------

+----------+------+
| Ref Name | Used |
+----------+------+


